argv: ["corepack.cmd", "pnpm", "build:bundle"]
exit_code: 0
--- stdout ---

> 2d-coop-survival@0.0.0 build:bundle C:\Users\yadok\source\repos\2d-coop-survival\.worktrees\prototype-v1
> vite build

vite v8.2.0 building client environment for production...
[2K
transforming...✓ 8 modules transformed.
rendering chunks...
computing gzip size...
dist/index.html                     4.46 kB │ gzip:   1.45 kB
dist/assets/index-BRnW-keM.css      2.45 kB │ gzip:   0.96 kB
dist/assets/index-D002TFTh.js   1,416.67 kB │ gzip: 371.18 kB

✓ built in 1.28s
--- stderr ---
[plugin builtin:vite-reporter] 
(!) Some chunks are larger than 500 kB after minification. Consider:
- Using dynamic import() to code-split the application
- Use build.rolldownOptions.output.codeSplitting to improve chunking: https://rolldown.rs/reference/OutputOptions.codeSplitting
- Adjust chunk size limit for this warning via build.chunkSizeWarningLimit.
